current directory: /app/vendor/bundle/ruby/3.2.0/gems/bigdecimal-4.1.0/ext/bigdecimal
/usr/local/bin/ruby extconf.rb
checking for __builtin_clz()... yes
checking for __builtin_clzl()... yes
checking for __builtin_clzll()... yes
checking for float.h... yes
checking for math.h... yes
checking for stdbool.h... yes
checking for stdlib.h... yes
checking for x86intrin.h... yes
checking for _lzcnt_u32() in x86intrin.h... no
checking for _lzcnt_u64() in x86intrin.h... no
checking for intrin.h... no
checking for ruby/atomic.h... yes
checking for ruby/internal/has/builtin.h... yes
checking for ruby/internal/static_assert.h... yes
checking for rb_complex_real() in ruby.h... yes
checking for rb_complex_imag() in ruby.h... yes
checking for rb_opts_exception_p() in ruby.h... yes
checking for rb_category_warn() in ruby.h... yes
checking for RB_WARN_CATEGORY_DEPRECATED in ruby.h... yes
creating Makefile

current directory: /app/vendor/bundle/ruby/3.2.0/gems/bigdecimal-4.1.0/ext/bigdecimal
make DESTDIR\= sitearchdir\=./.gem.20260327-7-cnvvq1 sitelibdir\=./.gem.20260327-7-cnvvq1 clean

current directory: /app/vendor/bundle/ruby/3.2.0/gems/bigdecimal-4.1.0/ext/bigdecimal
make DESTDIR\= sitearchdir\=./.gem.20260327-7-cnvvq1 sitelibdir\=./.gem.20260327-7-cnvvq1
compiling bigdecimal.c
In file included from bigdecimal.c:32:
ntt.h: In function ‘ntt_multiply’:
ntt.h:136:41: warning: ‘ruby_xcalloc’ sizes specified with ‘sizeof’ in the earlier argument and not in the later argument [-Wcalloc-transposed-args]
  136 |     uint32_t *mem = ruby_xcalloc(sizeof(uint32_t), ntt_size * 9);
      |                                         ^~~~~~~~
ntt.h:136:41: note: earlier argument should specify number of elements, later size of each element
At top level:
cc1: note: unrecognized command-line option ‘-Wno-self-assign’ may have been intended to silence earlier diagnostics
cc1: note: unrecognized command-line option ‘-Wno-parentheses-equality’ may have been intended to silence earlier diagnostics
cc1: note: unrecognized command-line option ‘-Wno-constant-logical-operand’ may have been intended to silence earlier diagnostics
compiling missing.c
linking shared-object bigdecimal.so

current directory: /app/vendor/bundle/ruby/3.2.0/gems/bigdecimal-4.1.0/ext/bigdecimal
make DESTDIR\= sitearchdir\=./.gem.20260327-7-cnvvq1 sitelibdir\=./.gem.20260327-7-cnvvq1 install
/usr/bin/install -c -m 0755 bigdecimal.so ./.gem.20260327-7-cnvvq1

current directory: /app/vendor/bundle/ruby/3.2.0/gems/bigdecimal-4.1.0/ext/bigdecimal
make DESTDIR\= sitearchdir\=./.gem.20260327-7-cnvvq1 sitelibdir\=./.gem.20260327-7-cnvvq1 clean
